[debug] [2025-12-22T14:47:46.730Z] ----------------------------------------------------------------------
[debug] [2025-12-22T14:47:46.740Z] Command:       C:\Program Files\nodejs\node.exe C:\Users\T470\AppData\Roaming\npm\node_modules\firebase-tools\lib\bin\firebase.js init
[debug] [2025-12-22T14:47:46.741Z] CLI Version:   14.27.0
[debug] [2025-12-22T14:47:46.742Z] Platform:      win32
[debug] [2025-12-22T14:47:46.742Z] Node Version:  v22.17.0
[debug] [2025-12-22T14:47:46.743Z] Time:          Mon Dec 22 2025 20:47:46 GMT+0600 (Bangladesh Standard Time)
[debug] [2025-12-22T14:47:46.743Z] ----------------------------------------------------------------------
[debug] 
[info] 
     ######## #### ########  ######## ########     ###     ######  ########
     ##        ##  ##     ## ##       ##     ##  ##   ##  ##       ##
     ######    ##  ########  ######   ########  #########  ######  ######
     ##        ##  ##    ##  ##       ##     ## ##     ##       ## ##
     ##       #### ##     ## ######## ########  ##     ##  ######  ########

You're about to initialize a Firebase project in this directory:

  C:\badhon\bari-server

Before we get started, keep in mind:

  * You are currently outside your home directory

[debug] [2025-12-22T14:47:48.879Z] ExitPromptError: User force closed the prompt with SIGINT
    at Interface.sigint (C:\Users\T470\AppData\Roaming\npm\node_modules\firebase-tools\node_modules\@inquirer\core\dist\commonjs\lib\create-prompt.js:101:37)
    at Interface.emit (node:events:518:28)
    at Interface.emit (node:domain:489:12)
    at [_ttyWrite] [as _ttyWrite] (node:internal/readline/interface:1132:18)
    at ReadStream.onkeypress (node:internal/readline/interface:271:20)
    at ReadStream.emit (node:events:530:35)
    at ReadStream.emit (node:domain:489:12)
    at emitKeys (node:internal/readline/utils:370:14)
    at emitKeys.next (<anonymous>)
    at ReadStream.onData (node:internal/readline/emitKeypressEvents:64:36)
[error] 
[error] Error: An unexpected error has occurred.
